[urban-walks.com/mobile/index.html]
[urban-walks.com/static/img/fav/apple-touch-icon-57x57.png]
[urban-walks.com/static/img/fav/apple-touch-icon-114x114.png]
[urban-walks.com/static/img/fav/apple-touch-icon-72x72.png]
[urban-walks.com/static/img/fav/apple-touch-icon-144x144.png]
[urban-walks.com/static/img/fav/apple-touch-icon-60x60.png]
[urban-walks.com/static/img/fav/apple-touch-icon-120x120.png]
[urban-walks.com/static/img/fav/apple-touch-icon-76x76.png]
[urban-walks.com/static/img/fav/apple-touch-icon-152x152.png]
[urban-walks.com/static/img/fav/apple-touch-icon-180x180.png]
[urban-walks.com/static/img/fav/favicon-192x192.png]
[urban-walks.com/static/img/fav/favicon-160x160.png]
[urban-walks.com/static/img/fav/favicon-96x96.png]
[urban-walks.com/static/img/fav/favicon-16x16.png]
[urban-walks.com/static/img/fav/favicon-32x32.png]
[urban-walks.com/static/img/fav/mstile-144x144.png]
[backblue.gif]
[fade.gif]
[index.html]
[urban-walks.com/static/img/fb-share.jpg]
[urban-walks.com/mobile/static/img/logo.png]
[urban-walks.com/mobile/static/img/fb.png]
[urban-walks.com/mobile/static/img/twi.png]
[urban-walks.com/mobile/static/img/typography.png]
[urban-walks.com/mobile/static/img/video.png]
[urban-walks.com/mobile/static/video/video.mp4]
[urban-walks.com/mobile/static/video/video.webm]
[urban-walks.com/mobile/static/img/divider.png]
[urban-walks.com/mobile/static/img/appstore.png]
[urban-walks.com/mobile/static/js/main.js]
[www.google-analytics.com/analytics.js]
[urban-walks.com/mobile/index.html]
[urban-walks.com/mobile/static/img/background-01.jpg]
[urban-walks.com/mobile/static/img/background-02.jpg]
[urban-walks.com/mobile/static/css/style.css]
